<span class="-mt-3 mx-2 font-display text-xl">.</span>
<span>
    Last seen on 2021-01-01
</span>
